// Jest Snapshot v1, https://goo.gl/fbAQLP

exports[`Filter component renders without error 1`] = `
<div
  className="Filter"
>
  Filter
</div>
`;
