// Jest Snapshot v1, https://goo.gl/fbAQLP

exports[`Search component renders without error 1`] = `
<div
  className="SearchBar"
>
  SearchBar
</div>
`;
