// Jest Snapshot v1, https://goo.gl/fbAQLP

exports[`Result component renders without error 1`] = `
<div
  className="Result"
>
  Result
</div>
`;
