// Jest Snapshot v1, https://goo.gl/fbAQLP

exports[`ResultsList component renders without error 1`] = `
<div
  className="ResultsList"
>
  <Result />
  <Result />
  <Result />
</div>
`;
