// Jest Snapshot v1, https://goo.gl/fbAQLP

exports[`SearchControls component renders without error 1`] = `
<section
  className="SearchControls"
>
  <SearchBar />
  <FilterGroup />
</section>
`;
