// Jest Snapshot v1, https://goo.gl/fbAQLP

exports[`FilterGroup component renders without error 1`] = `
<div
  className="FilterGroup"
>
  <Filter />
  <Filter />
</div>
`;
