// Jest Snapshot v1, https://goo.gl/fbAQLP

exports[`App component renders without error 1`] = `
<div
  className="App"
>
  <Header />
  <SearchControls />
  <ResultsList />
</div>
`;
